{
  "a_reproduces_resolution_001_a": true,
  "cohorts": {
    "crowded_30plus_source_objects": {
      "images": [
        "DSC01657.png",
        "DSC01658.png",
        "DSC01659.png",
        "IMG_20181218_170238.jpg",
        "IMG_20181218_171555.jpg",
        "IMG_20181218_171607.jpg",
        "IMG_20181218_171749.jpg",
        "IMG_20181218_171753.jpg",
        "IMG_20181218_171755.jpg",
        "IMG_20190206_174852.jpg",
        "IMG_20190206_174855.jpg",
        "IMG_20190402_110254.jpg",
        "IMG_20190430_111818.jpg",
        "IMG_20190430_111949.jpg"
      ],
      "A": {
        "per_class_mae": [
          1.1428571428571428,
          0.42857142857142855,
          0.14285714285714285,
          0.07142857142857142,
          0.21428571428571427
        ],
        "overall_cell_mae": 0.4,
        "total_count_mae": 1.4285714285714286,
        "mean_sum_absolute_class_errors": 2.0,
        "exact_five_class_accuracy": 0.14285714285714285,
        "per_class_bias": [
          0.7142857142857143,
          -0.42857142857142855,
          0.14285714285714285,
          -0.07142857142857142,
          0.21428571428571427
        ]
      },
      "B": {
        "per_class_mae": [
          1.4285714285714286,
          0.42857142857142855,
          0.14285714285714285,
          0.14285714285714285,
          0.21428571428571427
        ],
        "overall_cell_mae": 0.4714285714285714,
        "total_count_mae": 1.5,
        "mean_sum_absolute_class_errors": 2.357142857142857,
        "exact_five_class_accuracy": 0.14285714285714285,
        "per_class_bias": [
          1.0,
          -0.42857142857142855,
          0.14285714285714285,
          0.14285714285714285,
          0.21428571428571427
        ]
      }
    },
    "multi_instance_2plus": {
      "images": [
        "DSC01657.png",
        "DSC01658.png",
        "DSC01659.png",
        "IMG_20181218_165646.jpg",
        "IMG_20181218_165652.jpg",
        "IMG_20181218_170238.jpg",
        "IMG_20181218_170243.jpg",
        "IMG_20181218_170247.jpg",
        "IMG_20181218_171555.jpg",
        "IMG_20181218_171604.jpg",
        "IMG_20181218_171607.jpg",
        "IMG_20181218_171749.jpg",
        "IMG_20181218_171753.jpg",
        "IMG_20181218_171755.jpg",
        "IMG_20181218_171800.jpg",
        "IMG_20181218_171802.jpg",
        "IMG_20181218_171805.jpg",
        "IMG_20190206_170714.jpg",
        "IMG_20190206_170716.jpg",
        "IMG_20190206_174852.jpg",
        "IMG_20190206_174855.jpg",
        "IMG_20190402_110254.jpg",
        "IMG_20190430_111818.jpg",
        "IMG_20190430_111949.jpg"
      ],
      "A": {
        "per_class_mae": [
          1.5833333333333333,
          0.25,
          0.4583333333333333,
          0.4583333333333333,
          0.375
        ],
        "overall_cell_mae": 0.625,
        "total_count_mae": 2.125,
        "mean_sum_absolute_class_errors": 3.125,
        "exact_five_class_accuracy": 0.16666666666666666,
        "per_class_bias": [
          -0.5,
          -0.25,
          0.125,
          -0.20833333333333334,
          0.375
        ]
      },
      "B": {
        "per_class_mae": [
          1.4583333333333333,
          0.25,
          0.5416666666666666,
          0.5,
          0.5833333333333334
        ],
        "overall_cell_mae": 0.6666666666666666,
        "total_count_mae": 2.0833333333333335,
        "mean_sum_absolute_class_errors": 3.3333333333333335,
        "exact_five_class_accuracy": 0.125,
        "per_class_bias": [
          0.041666666666666664,
          -0.25,
          0.2916666666666667,
          0.0,
          0.5833333333333334
        ]
      }
    },
    "zero_predictions_with_targets_at_025": {
      "images": []
    },
    "zero_true_positives_with_targets_at_025": {
      "images": [
        "IMG_20181218_165652.jpg"
      ],
      "A": {
        "per_class_mae": [
          6.0,
          0.0,
          2.0,
          4.0,
          1.0
        ],
        "overall_cell_mae": 2.6,
        "total_count_mae": 11.0,
        "mean_sum_absolute_class_errors": 13.0,
        "exact_five_class_accuracy": 0.0,
        "per_class_bias": [
          -6.0,
          0.0,
          -2.0,
          -4.0,
          1.0
        ]
      },
      "B": {
        "per_class_mae": [
          6.0,
          0.0,
          2.0,
          4.0,
          1.0
        ],
        "overall_cell_mae": 2.6,
        "total_count_mae": 11.0,
        "mean_sum_absolute_class_errors": 13.0,
        "exact_five_class_accuracy": 0.0,
        "per_class_bias": [
          -6.0,
          0.0,
          -2.0,
          -4.0,
          1.0
        ]
      }
    }
  },
  "identity_errors": {
    "A": {
      "wrong_class_candidates": 8,
      "valser_confusions": 4,
      "regular_on_light": 6
    },
    "B": {
      "wrong_class_candidates": 15,
      "valser_confusions": 5,
      "regular_on_light": 7
    }
  },
  "small_targets": {
    "A": {
      "targets": 174,
      "matched": 146,
      "recall": 0.8390804597701149
    },
    "B": {
      "targets": 174,
      "matched": 150,
      "recall": 0.8620689655172413
    }
  },
  "improved": 2,
  "unchanged": 16,
  "worsened": 8,
  "lost_gt_matches": 0,
  "gained_gt_matches": 8,
  "correct_vectors_became_incorrect": [
    "IMG_20181218_170243.jpg"
  ],
  "added_prediction_kinds": {
    "background_or_localization": 11,
    "duplicate_candidate": 1,
    "wrong_class_candidate": 7,
    "tp": 8
  },
  "retained_prediction_status_changes": [],
  "removed_predictions": 0
}
DSC01657.png [2, 3, 1, 1, 2] [4, 3, 1, 1, 2] [5, 3, 1, 1, 2] 1
DSC01658.png [0, 3, 1, 1, 2] [3, 3, 1, 1, 2] [3, 3, 1, 1, 2] 0
DSC01659.png [2, 3, 0, 0, 2] [4, 1, 1, 0, 2] [5, 1, 1, 0, 2] 1
IMG_20181218_165646.jpg [5, 0, 2, 4, 0] [2, 0, 0, 2, 0] [4, 0, 1, 3, 1] -3
IMG_20181218_165648.jpg [0, 0, 0, 0, 0] [0, 0, 0, 0, 0] [0, 0, 0, 0, 0] 0
IMG_20181218_165652.jpg [6, 0, 2, 4, 0] [0, 0, 0, 0, 1] [0, 0, 0, 0, 1] 0
IMG_20181218_165657.jpg [0, 0, 0, 0, 0] [0, 0, 0, 0, 0] [0, 0, 0, 0, 0] 0
IMG_20181218_170238.jpg [3, 3, 1, 1, 2] [5, 3, 1, 1, 2] [6, 3, 1, 1, 2] 1
IMG_20181218_170243.jpg [0, 3, 0, 0, 2] [0, 3, 0, 0, 2] [0, 3, 0, 0, 3] 1
IMG_20181218_170247.jpg [4, 0, 1, 1, 0] [0, 0, 2, 2, 0] [3, 0, 3, 3, 0] -1
IMG_20181218_171555.jpg [5, 3, 1, 1, 2] [5, 3, 1, 1, 2] [5, 3, 1, 1, 2] 0
IMG_20181218_171604.jpg [0, 3, 0, 0, 2] [0, 3, 0, 0, 2] [0, 3, 0, 0, 2] 0
IMG_20181218_171607.jpg [5, 0, 1, 1, 2] [5, 0, 1, 1, 2] [5, 0, 1, 1, 2] 0
IMG_20181218_171749.jpg [5, 3, 1, 1, 2] [5, 2, 1, 1, 2] [5, 2, 1, 1, 2] 0
IMG_20181218_171753.jpg [5, 3, 1, 1, 2] [5, 2, 1, 1, 2] [5, 2, 1, 2, 2] 1
IMG_20181218_171755.jpg [5, 3, 1, 1, 2] [5, 1, 1, 1, 3] [5, 1, 1, 1, 3] 0
IMG_20181218_171800.jpg [5, 0, 1, 1, 0] [5, 0, 1, 2, 3] [5, 0, 1, 2, 3] 0
IMG_20181218_171802.jpg [5, 0, 1, 0, 0] [1, 0, 1, 1, 0] [2, 0, 2, 1, 0] 0
IMG_20181218_171805.jpg [0, 3, 0, 0, 2] [0, 3, 0, 0, 3] [1, 3, 0, 0, 3] 1
IMG_20190206_170714.jpg [5, 0, 0, 4, 0] [2, 0, 2, 3, 0] [2, 0, 2, 3, 2] 2
IMG_20190206_170716.jpg [5, 0, 0, 4, 0] [3, 0, 2, 4, 1] [5, 0, 3, 4, 2] 0
IMG_20190206_174852.jpg [3, 1, 1, 1, 2] [4, 1, 1, 1, 2] [4, 1, 1, 1, 2] 0
IMG_20190206_174855.jpg [4, 1, 1, 1, 2] [5, 1, 1, 1, 2] [5, 1, 1, 1, 2] 0
IMG_20190402_110254.jpg [4, 1, 1, 1, 1] [1, 1, 1, 0, 2] [1, 1, 1, 2, 2] 0
IMG_20190430_111818.jpg [3, 1, 1, 1, 2] [4, 1, 1, 1, 2] [4, 1, 1, 1, 2] 0
IMG_20190430_111949.jpg [3, 1, 0, 1, 2] [4, 1, 1, 1, 3] [5, 1, 1, 1, 3] 1
